// Jest Snapshot v1, https://goo.gl/fbAQLP

exports[`Test on ListStoriesPage Should render component correctly 1`] = `
<div>
  <div
    class="stories"
  >
    <div
      class="stories-title"
    >
      <h1>
        Stories
      </h1>
    </div>
    
    <div
      class="cards"
    >
      <div
        class="cards-content"
      />
    </div>
    <div
      class="pagination-options"
    >
      <div
        class="multi-button"
      />
    </div>
    <div
      class="current-pagination-page"
    >
      <p>
        <b>
          Page: 
        </b>
        1 / 9611
      </p>
    </div>
  </div>
</div>
`;
